<!doctype html public "-//w3c//dtd html 4.0 transitional//en">
<html><head>
<title>Static Call Graph - [.\Objects\code.axf]</title></head>
<body><HR>
<H1>Static Call Graph for image .\Objects\code.axf</H1><HR>
<BR><P>#&#060CALLGRAPH&#062# ARM Linker, 5060750: Last Updated: Wed Apr 10 18:17:28 2024
<BR><P>
<H3>Maximum Stack Usage =        136 bytes + Unknown(Cycles, Untraceable Function Pointers)</H3><H3>
Call chain for Maximum Stack Depth:</H3>
BTN_D_Handler &rArr; __2printf &rArr; _printf_char_file &rArr; _printf_char_common &rArr; __printf
<P>
<H3>
Mutually Recursive functions
</H3> <LI><a href="#[6]">NMI_Handler</a>&nbsp;&nbsp;&nbsp;&rArr;&nbsp;&nbsp;&nbsp;<a href="#[6]">NMI_Handler</a><BR>
 <LI><a href="#[7]">HardFault_Handler</a>&nbsp;&nbsp;&nbsp;&rArr;&nbsp;&nbsp;&nbsp;<a href="#[7]">HardFault_Handler</a><BR>
 <LI><a href="#[8]">SVC_Handler</a>&nbsp;&nbsp;&nbsp;&rArr;&nbsp;&nbsp;&nbsp;<a href="#[8]">SVC_Handler</a><BR>
 <LI><a href="#[9]">PendSV_Handler</a>&nbsp;&nbsp;&nbsp;&rArr;&nbsp;&nbsp;&nbsp;<a href="#[9]">PendSV_Handler</a><BR>
 <LI><a href="#[a]">SysTick_Handler</a>&nbsp;&nbsp;&nbsp;&rArr;&nbsp;&nbsp;&nbsp;<a href="#[a]">SysTick_Handler</a><BR>
 <LI><a href="#[1a]">DMA_Handler</a>&nbsp;&nbsp;&nbsp;&rArr;&nbsp;&nbsp;&nbsp;<a href="#[1a]">DMA_Handler</a><BR>
</UL>
<P>
<H3>
Function Pointers
</H3><UL>
 <LI><a href="#[29]">BTN_D_Handler</a> from btn_intr_driver.o(i.BTN_D_Handler) referenced from startup_cmsdk_cm0.o(RESET)
 <LI><a href="#[28]">BTN_L_Handler</a> from btn_intr_driver.o(i.BTN_L_Handler) referenced from startup_cmsdk_cm0.o(RESET)
 <LI><a href="#[27]">BTN_R_Handler</a> from btn_intr_driver.o(i.BTN_R_Handler) referenced from startup_cmsdk_cm0.o(RESET)
 <LI><a href="#[2a]">BTN_U_Handler</a> from btn_intr_driver.o(i.BTN_U_Handler) referenced from startup_cmsdk_cm0.o(RESET)
 <LI><a href="#[1a]">DMA_Handler</a> from startup_cmsdk_cm0.o(.text) referenced from startup_cmsdk_cm0.o(RESET)
 <LI><a href="#[15]">DUALTIMER_HANDLER</a> from startup_cmsdk_cm0.o(.text) referenced from startup_cmsdk_cm0.o(RESET)
 <LI><a href="#[18]">ETHERNET_Handler</a> from startup_cmsdk_cm0.o(.text) referenced from startup_cmsdk_cm0.o(RESET)
 <LI><a href="#[7]">HardFault_Handler</a> from startup_cmsdk_cm0.o(.text) referenced from startup_cmsdk_cm0.o(RESET)
 <LI><a href="#[19]">I2S_Handler</a> from startup_cmsdk_cm0.o(.text) referenced from startup_cmsdk_cm0.o(RESET)
 <LI><a href="#[6]">NMI_Handler</a> from startup_cmsdk_cm0.o(.text) referenced from startup_cmsdk_cm0.o(RESET)
 <LI><a href="#[1b]">PORT0_0_Handler</a> from startup_cmsdk_cm0.o(.text) referenced from startup_cmsdk_cm0.o(RESET)
 <LI><a href="#[25]">PORT0_10_Handler</a> from startup_cmsdk_cm0.o(.text) referenced from startup_cmsdk_cm0.o(RESET)
 <LI><a href="#[26]">PORT0_11_Handler</a> from startup_cmsdk_cm0.o(.text) referenced from startup_cmsdk_cm0.o(RESET)
 <LI><a href="#[1c]">PORT0_1_Handler</a> from startup_cmsdk_cm0.o(.text) referenced from startup_cmsdk_cm0.o(RESET)
 <LI><a href="#[1d]">PORT0_2_Handler</a> from startup_cmsdk_cm0.o(.text) referenced from startup_cmsdk_cm0.o(RESET)
 <LI><a href="#[1e]">PORT0_3_Handler</a> from startup_cmsdk_cm0.o(.text) referenced from startup_cmsdk_cm0.o(RESET)
 <LI><a href="#[1f]">PORT0_4_Handler</a> from startup_cmsdk_cm0.o(.text) referenced from startup_cmsdk_cm0.o(RESET)
 <LI><a href="#[20]">PORT0_5_Handler</a> from startup_cmsdk_cm0.o(.text) referenced from startup_cmsdk_cm0.o(RESET)
 <LI><a href="#[21]">PORT0_6_Handler</a> from startup_cmsdk_cm0.o(.text) referenced from startup_cmsdk_cm0.o(RESET)
 <LI><a href="#[22]">PORT0_7_Handler</a> from startup_cmsdk_cm0.o(.text) referenced from startup_cmsdk_cm0.o(RESET)
 <LI><a href="#[23]">PORT0_8_Handler</a> from startup_cmsdk_cm0.o(.text) referenced from startup_cmsdk_cm0.o(RESET)
 <LI><a href="#[24]">PORT0_9_Handler</a> from startup_cmsdk_cm0.o(.text) referenced from startup_cmsdk_cm0.o(RESET)
 <LI><a href="#[11]">PORT0_COMB_Handler</a> from startup_cmsdk_cm0.o(.text) referenced from startup_cmsdk_cm0.o(RESET)
 <LI><a href="#[12]">PORT1_COMB_Handler</a> from startup_cmsdk_cm0.o(.text) referenced from startup_cmsdk_cm0.o(RESET)
 <LI><a href="#[9]">PendSV_Handler</a> from startup_cmsdk_cm0.o(.text) referenced from startup_cmsdk_cm0.o(RESET)
 <LI><a href="#[5]">Reset_Handler</a> from startup_cmsdk_cm0.o(.text) referenced from startup_cmsdk_cm0.o(RESET)
 <LI><a href="#[16]">SPI_ALL_Handler</a> from startup_cmsdk_cm0.o(.text) referenced from startup_cmsdk_cm0.o(RESET)
 <LI><a href="#[8]">SVC_Handler</a> from startup_cmsdk_cm0.o(.text) referenced from startup_cmsdk_cm0.o(RESET)
 <LI><a href="#[a]">SysTick_Handler</a> from startup_cmsdk_cm0.o(.text) referenced from startup_cmsdk_cm0.o(RESET)
 <LI><a href="#[2b]">SystemInit</a> from system_cmsdk_cm0.o(i.SystemInit) referenced from startup_cmsdk_cm0.o(.text)
 <LI><a href="#[13]">TIMER0_Handler</a> from startup_cmsdk_cm0.o(.text) referenced from startup_cmsdk_cm0.o(RESET)
 <LI><a href="#[14]">TIMER1_Handler</a> from startup_cmsdk_cm0.o(.text) referenced from startup_cmsdk_cm0.o(RESET)
 <LI><a href="#[17]">UARTOVF_Handler</a> from startup_cmsdk_cm0.o(.text) referenced from startup_cmsdk_cm0.o(RESET)
 <LI><a href="#[b]">UARTRX0_Handler</a> from startup_cmsdk_cm0.o(.text) referenced from startup_cmsdk_cm0.o(RESET)
 <LI><a href="#[d]">UARTRX1_Handler</a> from startup_cmsdk_cm0.o(.text) referenced from startup_cmsdk_cm0.o(RESET)
 <LI><a href="#[f]">UARTRX2_Handler</a> from startup_cmsdk_cm0.o(.text) referenced from startup_cmsdk_cm0.o(RESET)
 <LI><a href="#[c]">UARTTX0_Handler</a> from startup_cmsdk_cm0.o(.text) referenced from startup_cmsdk_cm0.o(RESET)
 <LI><a href="#[e]">UARTTX1_Handler</a> from startup_cmsdk_cm0.o(.text) referenced from startup_cmsdk_cm0.o(RESET)
 <LI><a href="#[10]">UARTTX2_Handler</a> from startup_cmsdk_cm0.o(.text) referenced from startup_cmsdk_cm0.o(RESET)
 <LI><a href="#[2f]">__main</a> from __main.o(!!!main) referenced from startup_cmsdk_cm0.o(.text)
 <LI><a href="#[2e]">_printf_input_char</a> from _printf_char_common.o(.text) referenced from _printf_char_common.o(.text)
 <LI><a href="#[2d]">fputc</a> from retarget.o(i.fputc) referenced from _printf_char_file.o(.text)
</UL>
<P>
<H3>
Global Symbols
</H3>
<P><STRONG><a name="[2f]"></a>__main</STRONG> (Thumb, 8 bytes, Stack size 0 bytes, __main.o(!!!main))
<BR><BR>[Calls]<UL><LI><a href="#[31]">&gt;&gt;</a>&nbsp;&nbsp;&nbsp;__rt_entry
<LI><a href="#[30]">&gt;&gt;</a>&nbsp;&nbsp;&nbsp;__scatterload
</UL>

<P><STRONG><a name="[30]"></a>__scatterload</STRONG> (Thumb, 0 bytes, Stack size unknown bytes, __scatter.o(!!!scatter))
<BR><BR>[Called By]<UL><LI><a href="#[2f]">&gt;&gt;</a>&nbsp;&nbsp;&nbsp;__main
</UL>

<P><STRONG><a name="[32]"></a>__scatterload_rt2</STRONG> (Thumb, 52 bytes, Stack size unknown bytes, __scatter.o(!!!scatter), UNUSED)
<BR><BR>[Calls]<UL><LI><a href="#[31]">&gt;&gt;</a>&nbsp;&nbsp;&nbsp;__rt_entry
</UL>

<P><STRONG><a name="[51]"></a>__scatterload_rt2_thumb_only</STRONG> (Thumb, 0 bytes, Stack size unknown bytes, __scatter.o(!!!scatter), UNUSED)

<P><STRONG><a name="[52]"></a>__scatterload_null</STRONG> (Thumb, 0 bytes, Stack size unknown bytes, __scatter.o(!!!scatter), UNUSED)

<P><STRONG><a name="[33]"></a>__scatterload_copy</STRONG> (Thumb, 26 bytes, Stack size unknown bytes, __scatter_copy.o(!!handler_copy), UNUSED)
<BR><BR>[Calls]<UL><LI><a href="#[33]">&gt;&gt;</a>&nbsp;&nbsp;&nbsp;__scatterload_copy
</UL>
<BR>[Called By]<UL><LI><a href="#[33]">&gt;&gt;</a>&nbsp;&nbsp;&nbsp;__scatterload_copy
</UL>

<P><STRONG><a name="[53]"></a>__scatterload_zeroinit</STRONG> (Thumb, 28 bytes, Stack size unknown bytes, __scatter_zi.o(!!handler_zi), UNUSED)

<P><STRONG><a name="[37]"></a>__rt_lib_init</STRONG> (Thumb, 0 bytes, Stack size unknown bytes, libinit.o(.ARM.Collect$$libinit$$00000000))
<BR><BR>[Called By]<UL><LI><a href="#[36]">&gt;&gt;</a>&nbsp;&nbsp;&nbsp;__rt_entry_li
</UL>

<P><STRONG><a name="[54]"></a>__rt_lib_init_alloca_1</STRONG> (Thumb, 0 bytes, Stack size unknown bytes, libinit2.o(.ARM.Collect$$libinit$$0000002E))

<P><STRONG><a name="[55]"></a>__rt_lib_init_argv_1</STRONG> (Thumb, 0 bytes, Stack size unknown bytes, libinit2.o(.ARM.Collect$$libinit$$0000002C))

<P><STRONG><a name="[56]"></a>__rt_lib_init_atexit_1</STRONG> (Thumb, 0 bytes, Stack size unknown bytes, libinit2.o(.ARM.Collect$$libinit$$0000001B))

<P><STRONG><a name="[57]"></a>__rt_lib_init_clock_1</STRONG> (Thumb, 0 bytes, Stack size unknown bytes, libinit2.o(.ARM.Collect$$libinit$$00000021))

<P><STRONG><a name="[58]"></a>__rt_lib_init_cpp_1</STRONG> (Thumb, 0 bytes, Stack size unknown bytes, libinit2.o(.ARM.Collect$$libinit$$00000032))

<P><STRONG><a name="[59]"></a>__rt_lib_init_exceptions_1</STRONG> (Thumb, 0 bytes, Stack size unknown bytes, libinit2.o(.ARM.Collect$$libinit$$00000030))

<P><STRONG><a name="[5a]"></a>__rt_lib_init_fp_1</STRONG> (Thumb, 0 bytes, Stack size unknown bytes, libinit2.o(.ARM.Collect$$libinit$$00000002))

<P><STRONG><a name="[5b]"></a>__rt_lib_init_fp_trap_1</STRONG> (Thumb, 0 bytes, Stack size unknown bytes, libinit2.o(.ARM.Collect$$libinit$$0000001F))

<P><STRONG><a name="[5c]"></a>__rt_lib_init_getenv_1</STRONG> (Thumb, 0 bytes, Stack size unknown bytes, libinit2.o(.ARM.Collect$$libinit$$00000023))

<P><STRONG><a name="[5d]"></a>__rt_lib_init_heap_1</STRONG> (Thumb, 0 bytes, Stack size unknown bytes, libinit2.o(.ARM.Collect$$libinit$$0000000A))

<P><STRONG><a name="[5e]"></a>__rt_lib_init_lc_collate_1</STRONG> (Thumb, 0 bytes, Stack size unknown bytes, libinit2.o(.ARM.Collect$$libinit$$00000011))

<P><STRONG><a name="[5f]"></a>__rt_lib_init_lc_ctype_1</STRONG> (Thumb, 0 bytes, Stack size unknown bytes, libinit2.o(.ARM.Collect$$libinit$$00000013))

<P><STRONG><a name="[60]"></a>__rt_lib_init_lc_monetary_1</STRONG> (Thumb, 0 bytes, Stack size unknown bytes, libinit2.o(.ARM.Collect$$libinit$$00000015))

<P><STRONG><a name="[61]"></a>__rt_lib_init_lc_numeric_1</STRONG> (Thumb, 0 bytes, Stack size unknown bytes, libinit2.o(.ARM.Collect$$libinit$$00000017))

<P><STRONG><a name="[62]"></a>__rt_lib_init_lc_time_1</STRONG> (Thumb, 0 bytes, Stack size unknown bytes, libinit2.o(.ARM.Collect$$libinit$$00000019))

<P><STRONG><a name="[63]"></a>__rt_lib_init_preinit_1</STRONG> (Thumb, 0 bytes, Stack size unknown bytes, libinit2.o(.ARM.Collect$$libinit$$00000004))

<P><STRONG><a name="[64]"></a>__rt_lib_init_rand_1</STRONG> (Thumb, 0 bytes, Stack size unknown bytes, libinit2.o(.ARM.Collect$$libinit$$0000000E))

<P><STRONG><a name="[65]"></a>__rt_lib_init_return</STRONG> (Thumb, 0 bytes, Stack size unknown bytes, libinit2.o(.ARM.Collect$$libinit$$00000033))

<P><STRONG><a name="[66]"></a>__rt_lib_init_signal_1</STRONG> (Thumb, 0 bytes, Stack size unknown bytes, libinit2.o(.ARM.Collect$$libinit$$0000001D))

<P><STRONG><a name="[67]"></a>__rt_lib_init_stdio_1</STRONG> (Thumb, 0 bytes, Stack size unknown bytes, libinit2.o(.ARM.Collect$$libinit$$00000025))

<P><STRONG><a name="[68]"></a>__rt_lib_init_user_alloc_1</STRONG> (Thumb, 0 bytes, Stack size unknown bytes, libinit2.o(.ARM.Collect$$libinit$$0000000C))

<P><STRONG><a name="[3c]"></a>__rt_lib_shutdown</STRONG> (Thumb, 0 bytes, Stack size unknown bytes, libshutdown.o(.ARM.Collect$$libshutdown$$00000000))
<BR><BR>[Called By]<UL><LI><a href="#[3b]">&gt;&gt;</a>&nbsp;&nbsp;&nbsp;__rt_exit_ls
</UL>

<P><STRONG><a name="[69]"></a>__rt_lib_shutdown_cpp_1</STRONG> (Thumb, 0 bytes, Stack size unknown bytes, libshutdown2.o(.ARM.Collect$$libshutdown$$00000002))

<P><STRONG><a name="[6a]"></a>__rt_lib_shutdown_fp_trap_1</STRONG> (Thumb, 0 bytes, Stack size unknown bytes, libshutdown2.o(.ARM.Collect$$libshutdown$$00000007))

<P><STRONG><a name="[6b]"></a>__rt_lib_shutdown_heap_1</STRONG> (Thumb, 0 bytes, Stack size unknown bytes, libshutdown2.o(.ARM.Collect$$libshutdown$$0000000F))

<P><STRONG><a name="[6c]"></a>__rt_lib_shutdown_return</STRONG> (Thumb, 0 bytes, Stack size unknown bytes, libshutdown2.o(.ARM.Collect$$libshutdown$$00000010))

<P><STRONG><a name="[6d]"></a>__rt_lib_shutdown_signal_1</STRONG> (Thumb, 0 bytes, Stack size unknown bytes, libshutdown2.o(.ARM.Collect$$libshutdown$$0000000A))

<P><STRONG><a name="[6e]"></a>__rt_lib_shutdown_stdio_1</STRONG> (Thumb, 0 bytes, Stack size unknown bytes, libshutdown2.o(.ARM.Collect$$libshutdown$$00000004))

<P><STRONG><a name="[6f]"></a>__rt_lib_shutdown_user_alloc_1</STRONG> (Thumb, 0 bytes, Stack size unknown bytes, libshutdown2.o(.ARM.Collect$$libshutdown$$0000000C))

<P><STRONG><a name="[31]"></a>__rt_entry</STRONG> (Thumb, 0 bytes, Stack size unknown bytes, __rtentry.o(.ARM.Collect$$rtentry$$00000000))
<BR><BR>[Called By]<UL><LI><a href="#[2f]">&gt;&gt;</a>&nbsp;&nbsp;&nbsp;__main
<LI><a href="#[32]">&gt;&gt;</a>&nbsp;&nbsp;&nbsp;__scatterload_rt2
</UL>

<P><STRONG><a name="[70]"></a>__rt_entry_presh_1</STRONG> (Thumb, 0 bytes, Stack size unknown bytes, __rtentry2.o(.ARM.Collect$$rtentry$$00000002))

<P><STRONG><a name="[34]"></a>__rt_entry_sh</STRONG> (Thumb, 0 bytes, Stack size unknown bytes, __rtentry4.o(.ARM.Collect$$rtentry$$00000004))
<BR><BR>[Stack]<UL><LI>Max Depth = 8 + Unknown Stack Size
<LI>Call Chain = __rt_entry_sh &rArr; __user_setup_stackheap
</UL>
<BR>[Calls]<UL><LI><a href="#[35]">&gt;&gt;</a>&nbsp;&nbsp;&nbsp;__user_setup_stackheap
</UL>

<P><STRONG><a name="[36]"></a>__rt_entry_li</STRONG> (Thumb, 0 bytes, Stack size unknown bytes, __rtentry2.o(.ARM.Collect$$rtentry$$0000000A))
<BR><BR>[Calls]<UL><LI><a href="#[37]">&gt;&gt;</a>&nbsp;&nbsp;&nbsp;__rt_lib_init
</UL>

<P><STRONG><a name="[71]"></a>__rt_entry_postsh_1</STRONG> (Thumb, 0 bytes, Stack size unknown bytes, __rtentry2.o(.ARM.Collect$$rtentry$$00000009))

<P><STRONG><a name="[38]"></a>__rt_entry_main</STRONG> (Thumb, 0 bytes, Stack size unknown bytes, __rtentry2.o(.ARM.Collect$$rtentry$$0000000D))
<BR><BR>[Stack]<UL><LI>Max Depth = 8 + Unknown Stack Size
<LI>Call Chain = __rt_entry_main &rArr; exit
</UL>
<BR>[Calls]<UL><LI><a href="#[3a]">&gt;&gt;</a>&nbsp;&nbsp;&nbsp;exit
<LI><a href="#[39]">&gt;&gt;</a>&nbsp;&nbsp;&nbsp;main
</UL>

<P><STRONG><a name="[72]"></a>__rt_entry_postli_1</STRONG> (Thumb, 0 bytes, Stack size unknown bytes, __rtentry2.o(.ARM.Collect$$rtentry$$0000000C))

<P><STRONG><a name="[47]"></a>__rt_exit</STRONG> (Thumb, 0 bytes, Stack size unknown bytes, rtexit.o(.ARM.Collect$$rtexit$$00000000))
<BR><BR>[Called By]<UL><LI><a href="#[3a]">&gt;&gt;</a>&nbsp;&nbsp;&nbsp;exit
</UL>

<P><STRONG><a name="[3b]"></a>__rt_exit_ls</STRONG> (Thumb, 0 bytes, Stack size unknown bytes, rtexit2.o(.ARM.Collect$$rtexit$$00000003))
<BR><BR>[Calls]<UL><LI><a href="#[3c]">&gt;&gt;</a>&nbsp;&nbsp;&nbsp;__rt_lib_shutdown
</UL>

<P><STRONG><a name="[73]"></a>__rt_exit_prels_1</STRONG> (Thumb, 0 bytes, Stack size unknown bytes, rtexit2.o(.ARM.Collect$$rtexit$$00000002))

<P><STRONG><a name="[3d]"></a>__rt_exit_exit</STRONG> (Thumb, 0 bytes, Stack size unknown bytes, rtexit2.o(.ARM.Collect$$rtexit$$00000004))
<BR><BR>[Calls]<UL><LI><a href="#[3e]">&gt;&gt;</a>&nbsp;&nbsp;&nbsp;_sys_exit
</UL>

<P><STRONG><a name="[5]"></a>Reset_Handler</STRONG> (Thumb, 12 bytes, Stack size 0 bytes, startup_cmsdk_cm0.o(.text))
<BR>[Address Reference Count : 1]<UL><LI> startup_cmsdk_cm0.o(RESET)
</UL>
<P><STRONG><a name="[6]"></a>NMI_Handler</STRONG> (Thumb, 2 bytes, Stack size 0 bytes, startup_cmsdk_cm0.o(.text))
<BR><BR>[Calls]<UL><LI><a href="#[6]">&gt;&gt;</a>&nbsp;&nbsp;&nbsp;NMI_Handler
</UL>
<BR>[Called By]<UL><LI><a href="#[6]">&gt;&gt;</a>&nbsp;&nbsp;&nbsp;NMI_Handler
</UL>
<BR>[Address Reference Count : 1]<UL><LI> startup_cmsdk_cm0.o(RESET)
</UL>
<P><STRONG><a name="[7]"></a>HardFault_Handler</STRONG> (Thumb, 2 bytes, Stack size 0 bytes, startup_cmsdk_cm0.o(.text))
<BR><BR>[Calls]<UL><LI><a href="#[7]">&gt;&gt;</a>&nbsp;&nbsp;&nbsp;HardFault_Handler
</UL>
<BR>[Called By]<UL><LI><a href="#[7]">&gt;&gt;</a>&nbsp;&nbsp;&nbsp;HardFault_Handler
</UL>
<BR>[Address Reference Count : 1]<UL><LI> startup_cmsdk_cm0.o(RESET)
</UL>
<P><STRONG><a name="[8]"></a>SVC_Handler</STRONG> (Thumb, 2 bytes, Stack size 0 bytes, startup_cmsdk_cm0.o(.text))
<BR><BR>[Calls]<UL><LI><a href="#[8]">&gt;&gt;</a>&nbsp;&nbsp;&nbsp;SVC_Handler
</UL>
<BR>[Called By]<UL><LI><a href="#[8]">&gt;&gt;</a>&nbsp;&nbsp;&nbsp;SVC_Handler
</UL>
<BR>[Address Reference Count : 1]<UL><LI> startup_cmsdk_cm0.o(RESET)
</UL>
<P><STRONG><a name="[9]"></a>PendSV_Handler</STRONG> (Thumb, 2 bytes, Stack size 0 bytes, startup_cmsdk_cm0.o(.text))
<BR><BR>[Calls]<UL><LI><a href="#[9]">&gt;&gt;</a>&nbsp;&nbsp;&nbsp;PendSV_Handler
</UL>
<BR>[Called By]<UL><LI><a href="#[9]">&gt;&gt;</a>&nbsp;&nbsp;&nbsp;PendSV_Handler
</UL>
<BR>[Address Reference Count : 1]<UL><LI> startup_cmsdk_cm0.o(RESET)
</UL>
<P><STRONG><a name="[a]"></a>SysTick_Handler</STRONG> (Thumb, 2 bytes, Stack size 0 bytes, startup_cmsdk_cm0.o(.text))
<BR><BR>[Calls]<UL><LI><a href="#[a]">&gt;&gt;</a>&nbsp;&nbsp;&nbsp;SysTick_Handler
</UL>
<BR>[Called By]<UL><LI><a href="#[a]">&gt;&gt;</a>&nbsp;&nbsp;&nbsp;SysTick_Handler
</UL>
<BR>[Address Reference Count : 1]<UL><LI> startup_cmsdk_cm0.o(RESET)
</UL>
<P><STRONG><a name="[1a]"></a>DMA_Handler</STRONG> (Thumb, 0 bytes, Stack size 0 bytes, startup_cmsdk_cm0.o(.text))
<BR><BR>[Calls]<UL><LI><a href="#[1a]">&gt;&gt;</a>&nbsp;&nbsp;&nbsp;DMA_Handler
</UL>
<BR>[Called By]<UL><LI><a href="#[1a]">&gt;&gt;</a>&nbsp;&nbsp;&nbsp;DMA_Handler
</UL>
<BR>[Address Reference Count : 1]<UL><LI> startup_cmsdk_cm0.o(RESET)
</UL>
<P><STRONG><a name="[15]"></a>DUALTIMER_HANDLER</STRONG> (Thumb, 0 bytes, Stack size 0 bytes, startup_cmsdk_cm0.o(.text))
<BR>[Address Reference Count : 1]<UL><LI> startup_cmsdk_cm0.o(RESET)
</UL>
<P><STRONG><a name="[18]"></a>ETHERNET_Handler</STRONG> (Thumb, 0 bytes, Stack size 0 bytes, startup_cmsdk_cm0.o(.text))
<BR>[Address Reference Count : 1]<UL><LI> startup_cmsdk_cm0.o(RESET)
</UL>
<P><STRONG><a name="[19]"></a>I2S_Handler</STRONG> (Thumb, 0 bytes, Stack size 0 bytes, startup_cmsdk_cm0.o(.text))
<BR>[Address Reference Count : 1]<UL><LI> startup_cmsdk_cm0.o(RESET)
</UL>
<P><STRONG><a name="[1b]"></a>PORT0_0_Handler</STRONG> (Thumb, 0 bytes, Stack size 0 bytes, startup_cmsdk_cm0.o(.text))
<BR>[Address Reference Count : 1]<UL><LI> startup_cmsdk_cm0.o(RESET)
</UL>
<P><STRONG><a name="[25]"></a>PORT0_10_Handler</STRONG> (Thumb, 0 bytes, Stack size 0 bytes, startup_cmsdk_cm0.o(.text))
<BR>[Address Reference Count : 1]<UL><LI> startup_cmsdk_cm0.o(RESET)
</UL>
<P><STRONG><a name="[26]"></a>PORT0_11_Handler</STRONG> (Thumb, 0 bytes, Stack size 0 bytes, startup_cmsdk_cm0.o(.text))
<BR>[Address Reference Count : 1]<UL><LI> startup_cmsdk_cm0.o(RESET)
</UL>
<P><STRONG><a name="[1c]"></a>PORT0_1_Handler</STRONG> (Thumb, 0 bytes, Stack size 0 bytes, startup_cmsdk_cm0.o(.text))
<BR>[Address Reference Count : 1]<UL><LI> startup_cmsdk_cm0.o(RESET)
</UL>
<P><STRONG><a name="[1d]"></a>PORT0_2_Handler</STRONG> (Thumb, 0 bytes, Stack size 0 bytes, startup_cmsdk_cm0.o(.text))
<BR>[Address Reference Count : 1]<UL><LI> startup_cmsdk_cm0.o(RESET)
</UL>
<P><STRONG><a name="[1e]"></a>PORT0_3_Handler</STRONG> (Thumb, 0 bytes, Stack size 0 bytes, startup_cmsdk_cm0.o(.text))
<BR>[Address Reference Count : 1]<UL><LI> startup_cmsdk_cm0.o(RESET)
</UL>
<P><STRONG><a name="[1f]"></a>PORT0_4_Handler</STRONG> (Thumb, 0 bytes, Stack size 0 bytes, startup_cmsdk_cm0.o(.text))
<BR>[Address Reference Count : 1]<UL><LI> startup_cmsdk_cm0.o(RESET)
</UL>
<P><STRONG><a name="[20]"></a>PORT0_5_Handler</STRONG> (Thumb, 0 bytes, Stack size 0 bytes, startup_cmsdk_cm0.o(.text))
<BR>[Address Reference Count : 1]<UL><LI> startup_cmsdk_cm0.o(RESET)
</UL>
<P><STRONG><a name="[21]"></a>PORT0_6_Handler</STRONG> (Thumb, 0 bytes, Stack size 0 bytes, startup_cmsdk_cm0.o(.text))
<BR>[Address Reference Count : 1]<UL><LI> startup_cmsdk_cm0.o(RESET)
</UL>
<P><STRONG><a name="[22]"></a>PORT0_7_Handler</STRONG> (Thumb, 0 bytes, Stack size 0 bytes, startup_cmsdk_cm0.o(.text))
<BR>[Address Reference Count : 1]<UL><LI> startup_cmsdk_cm0.o(RESET)
</UL>
<P><STRONG><a name="[23]"></a>PORT0_8_Handler</STRONG> (Thumb, 0 bytes, Stack size 0 bytes, startup_cmsdk_cm0.o(.text))
<BR>[Address Reference Count : 1]<UL><LI> startup_cmsdk_cm0.o(RESET)
</UL>
<P><STRONG><a name="[24]"></a>PORT0_9_Handler</STRONG> (Thumb, 0 bytes, Stack size 0 bytes, startup_cmsdk_cm0.o(.text))
<BR>[Address Reference Count : 1]<UL><LI> startup_cmsdk_cm0.o(RESET)
</UL>
<P><STRONG><a name="[11]"></a>PORT0_COMB_Handler</STRONG> (Thumb, 0 bytes, Stack size 0 bytes, startup_cmsdk_cm0.o(.text))
<BR>[Address Reference Count : 1]<UL><LI> startup_cmsdk_cm0.o(RESET)
</UL>
<P><STRONG><a name="[12]"></a>PORT1_COMB_Handler</STRONG> (Thumb, 0 bytes, Stack size 0 bytes, startup_cmsdk_cm0.o(.text))
<BR>[Address Reference Count : 1]<UL><LI> startup_cmsdk_cm0.o(RESET)
</UL>
<P><STRONG><a name="[16]"></a>SPI_ALL_Handler</STRONG> (Thumb, 0 bytes, Stack size 0 bytes, startup_cmsdk_cm0.o(.text))
<BR>[Address Reference Count : 1]<UL><LI> startup_cmsdk_cm0.o(RESET)
</UL>
<P><STRONG><a name="[13]"></a>TIMER0_Handler</STRONG> (Thumb, 0 bytes, Stack size 0 bytes, startup_cmsdk_cm0.o(.text))
<BR>[Address Reference Count : 1]<UL><LI> startup_cmsdk_cm0.o(RESET)
</UL>
<P><STRONG><a name="[14]"></a>TIMER1_Handler</STRONG> (Thumb, 0 bytes, Stack size 0 bytes, startup_cmsdk_cm0.o(.text))
<BR>[Address Reference Count : 1]<UL><LI> startup_cmsdk_cm0.o(RESET)
</UL>
<P><STRONG><a name="[17]"></a>UARTOVF_Handler</STRONG> (Thumb, 0 bytes, Stack size 0 bytes, startup_cmsdk_cm0.o(.text))
<BR>[Address Reference Count : 1]<UL><LI> startup_cmsdk_cm0.o(RESET)
</UL>
<P><STRONG><a name="[b]"></a>UARTRX0_Handler</STRONG> (Thumb, 0 bytes, Stack size 0 bytes, startup_cmsdk_cm0.o(.text))
<BR>[Address Reference Count : 1]<UL><LI> startup_cmsdk_cm0.o(RESET)
</UL>
<P><STRONG><a name="[d]"></a>UARTRX1_Handler</STRONG> (Thumb, 0 bytes, Stack size 0 bytes, startup_cmsdk_cm0.o(.text))
<BR>[Address Reference Count : 1]<UL><LI> startup_cmsdk_cm0.o(RESET)
</UL>
<P><STRONG><a name="[f]"></a>UARTRX2_Handler</STRONG> (Thumb, 0 bytes, Stack size 0 bytes, startup_cmsdk_cm0.o(.text))
<BR>[Address Reference Count : 1]<UL><LI> startup_cmsdk_cm0.o(RESET)
</UL>
<P><STRONG><a name="[c]"></a>UARTTX0_Handler</STRONG> (Thumb, 0 bytes, Stack size 0 bytes, startup_cmsdk_cm0.o(.text))
<BR>[Address Reference Count : 1]<UL><LI> startup_cmsdk_cm0.o(RESET)
</UL>
<P><STRONG><a name="[e]"></a>UARTTX1_Handler</STRONG> (Thumb, 0 bytes, Stack size 0 bytes, startup_cmsdk_cm0.o(.text))
<BR>[Address Reference Count : 1]<UL><LI> startup_cmsdk_cm0.o(RESET)
</UL>
<P><STRONG><a name="[10]"></a>UARTTX2_Handler</STRONG> (Thumb, 0 bytes, Stack size 0 bytes, startup_cmsdk_cm0.o(.text))
<BR>[Address Reference Count : 1]<UL><LI> startup_cmsdk_cm0.o(RESET)
</UL>
<P><STRONG><a name="[45]"></a>__user_initial_stackheap</STRONG> (Thumb, 10 bytes, Stack size 0 bytes, startup_cmsdk_cm0.o(.text))
<BR><BR>[Called By]<UL><LI><a href="#[35]">&gt;&gt;</a>&nbsp;&nbsp;&nbsp;__user_setup_stackheap
</UL>

<P><STRONG><a name="[74]"></a>__I$use$semihosting</STRONG> (Thumb, 0 bytes, Stack size 0 bytes, use_no_semi.o(.text), UNUSED)

<P><STRONG><a name="[75]"></a>__use_no_semihosting_swi</STRONG> (Thumb, 2 bytes, Stack size 0 bytes, use_no_semi.o(.text), UNUSED)

<P><STRONG><a name="[3f]"></a>__2printf</STRONG> (Thumb, 22 bytes, Stack size 24 bytes, noretval__2printf.o(.text))
<BR><BR>[Stack]<UL><LI>Max Depth = 128<LI>Call Chain = __2printf &rArr; _printf_char_file &rArr; _printf_char_common &rArr; __printf
</UL>
<BR>[Calls]<UL><LI><a href="#[40]">&gt;&gt;</a>&nbsp;&nbsp;&nbsp;_printf_char_file
</UL>
<BR>[Called By]<UL><LI><a href="#[2a]">&gt;&gt;</a>&nbsp;&nbsp;&nbsp;BTN_U_Handler
<LI><a href="#[27]">&gt;&gt;</a>&nbsp;&nbsp;&nbsp;BTN_R_Handler
<LI><a href="#[28]">&gt;&gt;</a>&nbsp;&nbsp;&nbsp;BTN_L_Handler
<LI><a href="#[29]">&gt;&gt;</a>&nbsp;&nbsp;&nbsp;BTN_D_Handler
</UL>

<P><STRONG><a name="[76]"></a>__aeabi_uidiv</STRONG> (Thumb, 0 bytes, Stack size 0 bytes, aeabi_sdiv.o(.text), UNUSED)

<P><STRONG><a name="[49]"></a>__aeabi_uidivmod</STRONG> (Thumb, 20 bytes, Stack size 0 bytes, aeabi_sdiv.o(.text))
<BR><BR>[Called By]<UL><LI><a href="#[2b]">&gt;&gt;</a>&nbsp;&nbsp;&nbsp;SystemInit
<LI><a href="#[4f]">&gt;&gt;</a>&nbsp;&nbsp;&nbsp;delay_init
</UL>

<P><STRONG><a name="[77]"></a>__aeabi_idiv</STRONG> (Thumb, 0 bytes, Stack size 8 bytes, aeabi_sdiv.o(.text), UNUSED)

<P><STRONG><a name="[78]"></a>__aeabi_idivmod</STRONG> (Thumb, 326 bytes, Stack size 8 bytes, aeabi_sdiv.o(.text), UNUSED)

<P><STRONG><a name="[79]"></a>__use_two_region_memory</STRONG> (Thumb, 2 bytes, Stack size 0 bytes, heapauxi.o(.text), UNUSED)

<P><STRONG><a name="[7a]"></a>__rt_heap_escrow$2region</STRONG> (Thumb, 2 bytes, Stack size 0 bytes, heapauxi.o(.text), UNUSED)

<P><STRONG><a name="[7b]"></a>__rt_heap_expand$2region</STRONG> (Thumb, 2 bytes, Stack size 0 bytes, heapauxi.o(.text), UNUSED)

<P><STRONG><a name="[40]"></a>_printf_char_file</STRONG> (Thumb, 34 bytes, Stack size 16 bytes, _printf_char_file.o(.text))
<BR><BR>[Stack]<UL><LI>Max Depth = 104<LI>Call Chain = _printf_char_file &rArr; _printf_char_common &rArr; __printf
</UL>
<BR>[Calls]<UL><LI><a href="#[41]">&gt;&gt;</a>&nbsp;&nbsp;&nbsp;_printf_char_common
<LI><a href="#[42]">&gt;&gt;</a>&nbsp;&nbsp;&nbsp;ferror
</UL>
<BR>[Called By]<UL><LI><a href="#[3f]">&gt;&gt;</a>&nbsp;&nbsp;&nbsp;__2printf
</UL>

<P><STRONG><a name="[41]"></a>_printf_char_common</STRONG> (Thumb, 32 bytes, Stack size 64 bytes, _printf_char_common.o(.text))
<BR><BR>[Stack]<UL><LI>Max Depth = 88<LI>Call Chain = _printf_char_common &rArr; __printf
</UL>
<BR>[Calls]<UL><LI><a href="#[43]">&gt;&gt;</a>&nbsp;&nbsp;&nbsp;__printf
</UL>
<BR>[Called By]<UL><LI><a href="#[40]">&gt;&gt;</a>&nbsp;&nbsp;&nbsp;_printf_char_file
</UL>

<P><STRONG><a name="[35]"></a>__user_setup_stackheap</STRONG> (Thumb, 62 bytes, Stack size 8 bytes, sys_stackheap_outer.o(.text))
<BR><BR>[Stack]<UL><LI>Max Depth = 8<LI>Call Chain = __user_setup_stackheap
</UL>
<BR>[Calls]<UL><LI><a href="#[44]">&gt;&gt;</a>&nbsp;&nbsp;&nbsp;__user_perproc_libspace
<LI><a href="#[45]">&gt;&gt;</a>&nbsp;&nbsp;&nbsp;__user_initial_stackheap
</UL>
<BR>[Called By]<UL><LI><a href="#[34]">&gt;&gt;</a>&nbsp;&nbsp;&nbsp;__rt_entry_sh
</UL>

<P><STRONG><a name="[43]"></a>__printf</STRONG> (Thumb, 36 bytes, Stack size 24 bytes, __printf_nopercent.o(.text))
<BR><BR>[Stack]<UL><LI>Max Depth = 24<LI>Call Chain = __printf
</UL>
<BR>[Called By]<UL><LI><a href="#[41]">&gt;&gt;</a>&nbsp;&nbsp;&nbsp;_printf_char_common
</UL>

<P><STRONG><a name="[3a]"></a>exit</STRONG> (Thumb, 16 bytes, Stack size 8 bytes, exit.o(.text))
<BR><BR>[Stack]<UL><LI>Max Depth = 8 + Unknown Stack Size
<LI>Call Chain = exit
</UL>
<BR>[Calls]<UL><LI><a href="#[47]">&gt;&gt;</a>&nbsp;&nbsp;&nbsp;__rt_exit
<LI><a href="#[46]">&gt;&gt;</a>&nbsp;&nbsp;&nbsp;_call_atexit_fns (Weak Reference)
</UL>
<BR>[Called By]<UL><LI><a href="#[38]">&gt;&gt;</a>&nbsp;&nbsp;&nbsp;__rt_entry_main
</UL>

<P><STRONG><a name="[7c]"></a>__user_libspace</STRONG> (Thumb, 8 bytes, Stack size 0 bytes, libspace.o(.text), UNUSED)

<P><STRONG><a name="[44]"></a>__user_perproc_libspace</STRONG> (Thumb, 0 bytes, Stack size 0 bytes, libspace.o(.text))
<BR><BR>[Called By]<UL><LI><a href="#[35]">&gt;&gt;</a>&nbsp;&nbsp;&nbsp;__user_setup_stackheap
</UL>

<P><STRONG><a name="[7d]"></a>__user_perthread_libspace</STRONG> (Thumb, 0 bytes, Stack size 0 bytes, libspace.o(.text), UNUSED)

<P><STRONG><a name="[29]"></a>BTN_D_Handler</STRONG> (Thumb, 16 bytes, Stack size 8 bytes, btn_intr_driver.o(i.BTN_D_Handler))
<BR><BR>[Stack]<UL><LI>Max Depth = 136<LI>Call Chain = BTN_D_Handler &rArr; __2printf &rArr; _printf_char_file &rArr; _printf_char_common &rArr; __printf
</UL>
<BR>[Calls]<UL><LI><a href="#[3f]">&gt;&gt;</a>&nbsp;&nbsp;&nbsp;__2printf
<LI><a href="#[48]">&gt;&gt;</a>&nbsp;&nbsp;&nbsp;delay_ms
</UL>
<BR>[Address Reference Count : 1]<UL><LI> startup_cmsdk_cm0.o(RESET)
</UL>
<P><STRONG><a name="[28]"></a>BTN_L_Handler</STRONG> (Thumb, 16 bytes, Stack size 8 bytes, btn_intr_driver.o(i.BTN_L_Handler))
<BR><BR>[Stack]<UL><LI>Max Depth = 136<LI>Call Chain = BTN_L_Handler &rArr; __2printf &rArr; _printf_char_file &rArr; _printf_char_common &rArr; __printf
</UL>
<BR>[Calls]<UL><LI><a href="#[3f]">&gt;&gt;</a>&nbsp;&nbsp;&nbsp;__2printf
<LI><a href="#[48]">&gt;&gt;</a>&nbsp;&nbsp;&nbsp;delay_ms
</UL>
<BR>[Address Reference Count : 1]<UL><LI> startup_cmsdk_cm0.o(RESET)
</UL>
<P><STRONG><a name="[27]"></a>BTN_R_Handler</STRONG> (Thumb, 16 bytes, Stack size 8 bytes, btn_intr_driver.o(i.BTN_R_Handler))
<BR><BR>[Stack]<UL><LI>Max Depth = 136<LI>Call Chain = BTN_R_Handler &rArr; __2printf &rArr; _printf_char_file &rArr; _printf_char_common &rArr; __printf
</UL>
<BR>[Calls]<UL><LI><a href="#[3f]">&gt;&gt;</a>&nbsp;&nbsp;&nbsp;__2printf
<LI><a href="#[48]">&gt;&gt;</a>&nbsp;&nbsp;&nbsp;delay_ms
</UL>
<BR>[Address Reference Count : 1]<UL><LI> startup_cmsdk_cm0.o(RESET)
</UL>
<P><STRONG><a name="[2a]"></a>BTN_U_Handler</STRONG> (Thumb, 16 bytes, Stack size 8 bytes, btn_intr_driver.o(i.BTN_U_Handler))
<BR><BR>[Stack]<UL><LI>Max Depth = 136<LI>Call Chain = BTN_U_Handler &rArr; __2printf &rArr; _printf_char_file &rArr; _printf_char_common &rArr; __printf
</UL>
<BR>[Calls]<UL><LI><a href="#[3f]">&gt;&gt;</a>&nbsp;&nbsp;&nbsp;__2printf
<LI><a href="#[48]">&gt;&gt;</a>&nbsp;&nbsp;&nbsp;delay_ms
</UL>
<BR>[Address Reference Count : 1]<UL><LI> startup_cmsdk_cm0.o(RESET)
</UL>
<P><STRONG><a name="[4c]"></a>CMSDK_gpio_SetOutEnable</STRONG> (Thumb, 4 bytes, Stack size 0 bytes, cmsdk_driver.o(i.CMSDK_gpio_SetOutEnable))
<BR><BR>[Called By]<UL><LI><a href="#[4b]">&gt;&gt;</a>&nbsp;&nbsp;&nbsp;WaterLight
</UL>

<P><STRONG><a name="[4a]"></a>CMSDK_uart_init</STRONG> (Thumb, 88 bytes, Stack size 20 bytes, cmsdk_driver.o(i.CMSDK_uart_init))
<BR><BR>[Stack]<UL><LI>Max Depth = 20<LI>Call Chain = CMSDK_uart_init
</UL>
<BR>[Called By]<UL><LI><a href="#[2b]">&gt;&gt;</a>&nbsp;&nbsp;&nbsp;SystemInit
</UL>

<P><STRONG><a name="[2b]"></a>SystemInit</STRONG> (Thumb, 46 bytes, Stack size 24 bytes, system_cmsdk_cm0.o(i.SystemInit))
<BR><BR>[Stack]<UL><LI>Max Depth = 44<LI>Call Chain = SystemInit &rArr; CMSDK_uart_init
</UL>
<BR>[Calls]<UL><LI><a href="#[49]">&gt;&gt;</a>&nbsp;&nbsp;&nbsp;__aeabi_uidivmod
<LI><a href="#[4a]">&gt;&gt;</a>&nbsp;&nbsp;&nbsp;CMSDK_uart_init
</UL>
<BR>[Address Reference Count : 1]<UL><LI> startup_cmsdk_cm0.o(.text)
</UL>
<P><STRONG><a name="[50]"></a>UartPutc</STRONG> (Thumb, 20 bytes, Stack size 0 bytes, uart_stdout.o(i.UartPutc))
<BR><BR>[Called By]<UL><LI><a href="#[2d]">&gt;&gt;</a>&nbsp;&nbsp;&nbsp;fputc
</UL>

<P><STRONG><a name="[4b]"></a>WaterLight</STRONG> (Thumb, 100 bytes, Stack size 8 bytes, main.o(i.WaterLight))
<BR><BR>[Stack]<UL><LI>Max Depth = 8<LI>Call Chain = WaterLight
</UL>
<BR>[Calls]<UL><LI><a href="#[48]">&gt;&gt;</a>&nbsp;&nbsp;&nbsp;delay_ms
<LI><a href="#[4c]">&gt;&gt;</a>&nbsp;&nbsp;&nbsp;CMSDK_gpio_SetOutEnable
</UL>
<BR>[Called By]<UL><LI><a href="#[39]">&gt;&gt;</a>&nbsp;&nbsp;&nbsp;main
</UL>

<P><STRONG><a name="[3e]"></a>_sys_exit</STRONG> (Thumb, 4 bytes, Stack size 0 bytes, retarget.o(i._sys_exit))
<BR><BR>[Called By]<UL><LI><a href="#[3d]">&gt;&gt;</a>&nbsp;&nbsp;&nbsp;__rt_exit_exit
</UL>

<P><STRONG><a name="[4d]"></a>btn_init</STRONG> (Thumb, 28 bytes, Stack size 8 bytes, btn_intr_driver.o(i.btn_init))
<BR><BR>[Stack]<UL><LI>Max Depth = 8<LI>Call Chain = btn_init
</UL>
<BR>[Calls]<UL><LI><a href="#[4e]">&gt;&gt;</a>&nbsp;&nbsp;&nbsp;NVIC_EnableIRQ
</UL>
<BR>[Called By]<UL><LI><a href="#[39]">&gt;&gt;</a>&nbsp;&nbsp;&nbsp;main
</UL>

<P><STRONG><a name="[4f]"></a>delay_init</STRONG> (Thumb, 44 bytes, Stack size 8 bytes, delay.o(i.delay_init))
<BR><BR>[Stack]<UL><LI>Max Depth = 8<LI>Call Chain = delay_init
</UL>
<BR>[Calls]<UL><LI><a href="#[49]">&gt;&gt;</a>&nbsp;&nbsp;&nbsp;__aeabi_uidivmod
</UL>
<BR>[Called By]<UL><LI><a href="#[39]">&gt;&gt;</a>&nbsp;&nbsp;&nbsp;main
</UL>

<P><STRONG><a name="[48]"></a>delay_ms</STRONG> (Thumb, 70 bytes, Stack size 0 bytes, delay.o(i.delay_ms))
<BR><BR>[Called By]<UL><LI><a href="#[2a]">&gt;&gt;</a>&nbsp;&nbsp;&nbsp;BTN_U_Handler
<LI><a href="#[27]">&gt;&gt;</a>&nbsp;&nbsp;&nbsp;BTN_R_Handler
<LI><a href="#[28]">&gt;&gt;</a>&nbsp;&nbsp;&nbsp;BTN_L_Handler
<LI><a href="#[29]">&gt;&gt;</a>&nbsp;&nbsp;&nbsp;BTN_D_Handler
<LI><a href="#[4b]">&gt;&gt;</a>&nbsp;&nbsp;&nbsp;WaterLight
</UL>

<P><STRONG><a name="[42]"></a>ferror</STRONG> (Thumb, 8 bytes, Stack size 0 bytes, retarget.o(i.ferror))
<BR><BR>[Called By]<UL><LI><a href="#[40]">&gt;&gt;</a>&nbsp;&nbsp;&nbsp;_printf_char_file
</UL>

<P><STRONG><a name="[2d]"></a>fputc</STRONG> (Thumb, 14 bytes, Stack size 16 bytes, retarget.o(i.fputc))
<BR><BR>[Stack]<UL><LI>Max Depth = 16<LI>Call Chain = fputc
</UL>
<BR>[Calls]<UL><LI><a href="#[50]">&gt;&gt;</a>&nbsp;&nbsp;&nbsp;UartPutc
</UL>
<BR>[Address Reference Count : 1]<UL><LI> _printf_char_file.o(.text)
</UL>
<P><STRONG><a name="[39]"></a>main</STRONG> (Thumb, 16 bytes, Stack size 0 bytes, main.o(i.main))
<BR><BR>[Stack]<UL><LI>Max Depth = 8<LI>Call Chain = main &rArr; delay_init
</UL>
<BR>[Calls]<UL><LI><a href="#[4f]">&gt;&gt;</a>&nbsp;&nbsp;&nbsp;delay_init
<LI><a href="#[4d]">&gt;&gt;</a>&nbsp;&nbsp;&nbsp;btn_init
<LI><a href="#[4b]">&gt;&gt;</a>&nbsp;&nbsp;&nbsp;WaterLight
</UL>
<BR>[Called By]<UL><LI><a href="#[38]">&gt;&gt;</a>&nbsp;&nbsp;&nbsp;__rt_entry_main
</UL>
<P>
<H3>
Local Symbols
</H3>
<P><STRONG><a name="[4e]"></a>NVIC_EnableIRQ</STRONG> (Thumb, 14 bytes, Stack size 0 bytes, btn_intr_driver.o(i.NVIC_EnableIRQ))
<BR><BR>[Called By]<UL><LI><a href="#[4d]">&gt;&gt;</a>&nbsp;&nbsp;&nbsp;btn_init
</UL>

<P><STRONG><a name="[2e]"></a>_printf_input_char</STRONG> (Thumb, 10 bytes, Stack size 0 bytes, _printf_char_common.o(.text))
<BR>[Address Reference Count : 1]<UL><LI> _printf_char_common.o(.text)
</UL><P>
<H3>
Undefined Global Symbols
</H3>
<P><STRONG><a name="[46]"></a>_call_atexit_fns</STRONG> (ARM, 0 bytes, Stack size 0 bytes, UNDEFINED)
<BR><BR>[Called By]<UL><LI><a href="#[3a]">&gt;&gt;</a>&nbsp;&nbsp;&nbsp;exit
</UL>
<HR></body></html>
